---
source: tui/src/pager_overlay.rs
expression: term.backend()
---
"                                                                        "
"                                                                        "
"  ╭ BTW ─────────────────────────────────────────────────────────────╮  "
"  │ Question 介绍谢赛宁                                              │  " Hidden by multi-width symbols: [(14, " "), (16, " "), (18, " "), (20, " "), (22, " ")]
"  │                                                                  │  "
"  │ 谢赛宁是一位计算机视觉研究者。                                   │  " Hidden by multi-width symbols: [(5, " "), (7, " "), (9, " "), (11, " "), (13, " "), (15, " "), (17, " "), (19, " "), (21, " "), (23, " "), (25, " "), (27, " "), (29, " "), (31, " "), (33, " ")]
"  │                                                                  │  "
"  │                                                                  │  "
"  │ Esc/Enter/Space close                                            │  "
"  ╰──────────────────────────────────────────────────────────────────╯  "
"                                                                        "
"                                                                        "
"                                                                        "
"                                                                        "
"                                                                        "
"                                                                        "
