---
source: tui/src/bottom_pane/chat_composer.rs
assertion_line: 7851
expression: terminal.backend()
---
"────────────────────────────────────────────────────────────"
"› /bt                                                       "
"                                                            "
"────────────────────────────────────────────────────────────"
"  /btw  ask a quick side question without switching threads "
